Archive member included to satisfy reference by file (symbol)

main/.output/eagle/lib/libmain.a(tcp_client.o)
                              (ovl_init)

Allocating common symbols
Common symbol       size              file

tc_remote_ip        0x4               main/.output/eagle/lib/libmain.a(tcp_client.o)

Memory Configuration

Name             Origin             Length             Attributes
dram0_0_seg      0x3fffdf60         0x00000400
iram1_0_seg      0x40106600         0x00001a00
irom0_0_seg      0x40210000         0x000f0000
*default*        0x00000000         0xffffffff

Linker script and memory map

START GROUP
LOAD C:/esp8266web-master//lib\libmgcc.a
LOAD main/.output/eagle/lib/libmain.a
END GROUP
                [!provide]                PROVIDE (_memmap_vecbase_reset, 0x40000000)
                0x00000110                _memmap_cacheattr_wb_base = 0x110
                0x00000110                _memmap_cacheattr_wt_base = 0x110
                0x00000220                _memmap_cacheattr_bp_base = 0x220
                0xfffff00f                _memmap_cacheattr_unused_mask = 0xfffff00f
                0x2222211f                _memmap_cacheattr_wb_trapnull = 0x2222211f
                0x2222211f                _memmap_cacheattr_wba_trapnull = 0x2222211f
                0x2222211f                _memmap_cacheattr_wbna_trapnull = 0x2222211f
                0x2222211f                _memmap_cacheattr_wt_trapnull = 0x2222211f
                0x2222222f                _memmap_cacheattr_bp_trapnull = 0x2222222f
                0xfffff11f                _memmap_cacheattr_wb_strict = 0xfffff11f
                0xfffff11f                _memmap_cacheattr_wt_strict = 0xfffff11f
                0xfffff22f                _memmap_cacheattr_bp_strict = 0xfffff22f
                0x22222112                _memmap_cacheattr_wb_allvalid = 0x22222112
                0x22222112                _memmap_cacheattr_wt_allvalid = 0x22222112
                0x22222222                _memmap_cacheattr_bp_allvalid = 0x22222222
                [!provide]                PROVIDE (_memmap_cacheattr_reset, _memmap_cacheattr_wb_trapnull)

.data           0x3fffdf60       0x71
                0x3fffdf60                _data_start = ABSOLUTE (.)
 *(.data)
 .data          0x3fffdf60       0x71 main/.output/eagle/lib/libmain.a(tcp_client.o)
                0x3fffdf60                key_td_info
                0x3fffdf72                key_http_ok
                0x3fffdf84                tc_get
                0x3fffdfc3                tc_url
 *(.data.*)
 *(.gnu.linkonce.d.*)
 *(.data1)
 *(.sdata)
 *(.sdata.*)
 *(.gnu.linkonce.s.*)
 *(.sdata2)
 *(.sdata2.*)
 *(.gnu.linkonce.s2.*)
 *(.jcr)
                0x3fffdfd1                _data_end = ABSOLUTE (.)

.rodata         0x3fffdfd4       0x40
                0x3fffdfd4                _rodata_start = ABSOLUTE (.)
 *(.rodata)
 *(.rodata.*)
 .rodata.str1.1
                0x3fffdfd4       0x3e main/.output/eagle/lib/libmain.a(tcp_client.o)
 *(.gnu.linkonce.r.*)
 *(.rodata1)
 *(.dynamic)
 *(.gnu.version_d)
                0x3fffe014                . = ALIGN (0x4)
 *fill*         0x3fffe012        0x2 
                0x3fffe014                _bss_table_start = ABSOLUTE (.)
                0x3fffe014                _bss_table_end = ABSOLUTE (.)
                0x3fffe014                _rodata_end = ABSOLUTE (.)

.bss            0x3fffe018        0x8
                0x3fffe018                . = ALIGN (0x8)
                0x3fffe018                _bss_start = ABSOLUTE (.)
 *(.dynsbss)
 *(.sbss)
 *(.sbss.*)
 *(.gnu.linkonce.sb.*)
 *(.scommon)
 *(.sbss2)
 *(.sbss2.*)
 *(.gnu.linkonce.sb2.*)
 *(.dynbss)
 *(.bss)
 .bss           0x3fffe018        0x0 main/.output/eagle/lib/libmain.a(tcp_client.o)
 *(.bss.*)
 *(.gnu.linkonce.b.*)
 *(COMMON)
 COMMON         0x3fffe018        0x4 main/.output/eagle/lib/libmain.a(tcp_client.o)
                0x3fffe018                tc_remote_ip
                0x3fffe020                . = ALIGN (0x8)
 *fill*         0x3fffe01c        0x4 
                0x3fffe020                _bss_end = ABSOLUTE (.)
                0x3fffe020                _heap_start = ABSOLUTE (.)

.text           0x40106600      0x5bc
                0x40106600                _stext = .
                0x40106600                _text_start = ABSOLUTE (.)
 *(.entry.text)
 *(.init.literal)
 *(.init)
 *(.literal .text .literal.* .text.* .stub .gnu.warning .gnu.linkonce.literal.* .gnu.linkonce.t.*.literal .gnu.linkonce.t.*)
 .text          0x40106600      0x597 main/.output/eagle/lib/libmain.a(tcp_client.o)
                                0x60b (size before relaxing)
                0x40106614                tc_listen
                0x4010664c                tc_disconnect
                0x40106668                tc_close
                0x4010669c                tc_init
                0x401066fc                close_dns_found
                0x4010675c                run_error_timer
                0x401067f0                tc_recv
                0x401069a8                tc_dns_found_callback
                0x401069ec                tc_go
                0x40106abc                ovl_init
                0x40106b6c                wifi_event_cb
 *fill*         0x40106b97        0x1 
 .literal       0x40106b98        0x0 main/.output/eagle/lib/libmain.a(tcp_client.o)
 *(.fini.literal)
 *(.fini)
 *(.gnu.version)
 *(.iram.data)
 *fill*         0x40106b98        0x0 
 .iram.data     0x40106b98       0x24 main/.output/eagle/lib/libmain.a(tcp_client.o)
                0x40106b98                tc_servcfg
                0x40106b9c                tc_head_size
                0x40106ba0                tc_init_flg
                0x40106ba4                error_timer
                0x40106bb8                next_start_time
                0x40106bbc                . = ALIGN (0x4)
                0x40106bbc                _text_end = ABSOLUTE (.)
                0x40106bbc                _etext = .

.lit4           0x40106bbc        0x0
                0x40106bbc                _lit4_start = ABSOLUTE (.)
 *(*.lit4)
 *(.lit4.*)
 *(.gnu.linkonce.lit4.*)
                0x40106bbc                _lit4_end = ABSOLUTE (.)

.irom0.text     0x40210000        0x0
                0x40210000                _irom0_text_start = ABSOLUTE (.)
 *(.irom0.literal .irom.literal .irom.text.literal .irom0.text .irom.text)
                0x40210000                _irom0_text_end = ABSOLUTE (.)
                [!provide]                PROVIDE (Cache_Read_Disable, 0x400047f0)
                [!provide]                PROVIDE (Cache_Read_Enable, 0x40004678)
                [!provide]                PROVIDE (Enable_QMode, 0x400044c0)
                [!provide]                PROVIDE (Disable_QMode, 0x40004508)
                [!provide]                PROVIDE (FilePacketSendReqMsgProc, 0x400035a0)
                [!provide]                PROVIDE (FlashDwnLdParamCfgMsgProc, 0x4000368c)
                [!provide]                PROVIDE (FlashDwnLdStartMsgProc, 0x40003538)
                [!provide]                PROVIDE (FlashDwnLdStopReqMsgProc, 0x40003658)
                [!provide]                PROVIDE (GetUartDevice, 0x40003f4c)
                [!provide]                PROVIDE (MD5Final, 0x40009900)
                [!provide]                PROVIDE (MD5Init, 0x40009818)
                [!provide]                PROVIDE (MD5Update, 0x40009834)
                [!provide]                PROVIDE (MemDwnLdStartMsgProc, 0x400036c4)
                [!provide]                PROVIDE (MemDwnLdStopReqMsgProc, 0x4000377c)
                [!provide]                PROVIDE (MemPacketSendReqMsgProc, 0x400036f0)
                [!provide]                PROVIDE (RcvMsg, 0x40003eac)
                [!provide]                PROVIDE (SHA1Final, 0x4000b648)
                [!provide]                PROVIDE (SHA1Init, 0x4000b584)
                [!provide]                PROVIDE (SHA1Transform, 0x4000a364)
                [!provide]                PROVIDE (SHA1Update, 0x4000b5a8)
                [!provide]                PROVIDE (SPI_sector_erase, 0x400040c0)
                [!provide]                PROVIDE (SPI_page_program, 0x40004174)
                [!provide]                PROVIDE (SPI_read_data, 0x400042ac)
                [!provide]                PROVIDE (SPI_read_status, 0x400043c8)
                [!provide]                PROVIDE (SPI_write_status, 0x40004400)
                [!provide]                PROVIDE (SPI_write_enable, 0x4000443c)
                [!provide]                PROVIDE (Wait_SPI_Idle, 0x4000448c)
                [!provide]                PROVIDE (SPIEraseArea, 0x40004b44)
                [!provide]                PROVIDE (SPIEraseBlock, 0x400049b4)
                [!provide]                PROVIDE (SPIEraseChip, 0x40004984)
                [!provide]                PROVIDE (SPIEraseSector, 0x40004a00)
                [!provide]                PROVIDE (SPILock, 0x400048a8)
                [!provide]                PROVIDE (SPIParamCfg, 0x40004c2c)
                [!provide]                PROVIDE (SPIRead, 0x40004b1c)
                [!provide]                PROVIDE (SPIReadModeCnfig, 0x400048ec)
                [!provide]                PROVIDE (SPIUnlock, 0x40004878)
                [!provide]                PROVIDE (SPIWrite, 0x40004a4c)
                [!provide]                PROVIDE (SelectSpiFunction, 0x40003f58)
                [!provide]                PROVIDE (SPILoader, 0x2625f1c)
                [!provide]                PROVIDE (SendMsg, 0x40003cf4)
                [!provide]                PROVIDE (UartConnCheck, 0x40003230)
                [!provide]                PROVIDE (UartConnectProc, 0x400037a0)
                [!provide]                PROVIDE (UartDwnLdProc, 0x40003368)
                [!provide]                PROVIDE (UartGetCmdLn, 0x40003ef4)
                [!provide]                PROVIDE (UartRegReadProc, 0x4000381c)
                [!provide]                PROVIDE (UartRegWriteProc, 0x400037ac)
                [!provide]                PROVIDE (UartRxString, 0x40003c30)
                [!provide]                PROVIDE (Uart_Init, 0x40003a14)
                [!provide]                PROVIDE (_DebugExceptionVector, 0x40000010)
                [!provide]                PROVIDE (_DoubleExceptionVector, 0x40000070)
                [!provide]                PROVIDE (_KernelExceptionVector, 0x40000030)
                [!provide]                PROVIDE (_NMIExceptionVector, 0x40000020)
                [!provide]                PROVIDE (_ResetHandler, 0x400000a4)
                [!provide]                PROVIDE (_ResetVector, 0x40000080)
                [!provide]                PROVIDE (_UserExceptionVector, 0x40000050)
                [!provide]                PROVIDE (__adddf3, 0x4000c538)
                [!provide]                PROVIDE (__addsf3, 0x4000c180)
                [!provide]                PROVIDE (__divdf3, 0x4000cb94)
                [!provide]                PROVIDE (__divdi3, 0x4000ce60)
                [!provide]                PROVIDE (__divsi3, 0x4000dc88)
                [!provide]                PROVIDE (__extendsfdf2, 0x4000cdfc)
                [!provide]                PROVIDE (__fixdfsi, 0x4000ccb8)
                [!provide]                PROVIDE (__fixunsdfsi, 0x4000cd00)
                [!provide]                PROVIDE (__fixunssfsi, 0x4000c4c4)
                [!provide]                PROVIDE (__floatsidf, 0x4000e2f0)
                [!provide]                PROVIDE (__floatsisf, 0x4000e2ac)
                [!provide]                PROVIDE (__floatunsidf, 0x4000e2e8)
                [!provide]                PROVIDE (__floatunsisf, 0x4000e2a4)
                [!provide]                PROVIDE (__muldf3, 0x4000c8f0)
                [!provide]                PROVIDE (__muldi3, 0x40000650)
                [!provide]                PROVIDE (__mulsf3, 0x4000c3dc)
                [!provide]                PROVIDE (__subdf3, 0x4000c688)
                [!provide]                PROVIDE (__subsf3, 0x4000c268)
                [!provide]                PROVIDE (__truncdfsf2, 0x4000cd5c)
                [!provide]                PROVIDE (__udivdi3, 0x4000d310)
                [!provide]                PROVIDE (__udivsi3, 0x4000e21c)
                [!provide]                PROVIDE (__umoddi3, 0x4000d770)
                [!provide]                PROVIDE (__umodsi3, 0x4000e268)
                [!provide]                PROVIDE (__umulsidi3, 0x4000dcf0)
                [!provide]                PROVIDE (_rom_store, 0x4000e388)
                [!provide]                PROVIDE (_rom_store_table, 0x4000e328)
                [!provide]                PROVIDE (_start, 0x4000042c)
                [!provide]                PROVIDE (_xtos_alloca_handler, 0x4000dbe0)
                [!provide]                PROVIDE (_xtos_c_wrapper_handler, 0x40000598)
                [!provide]                PROVIDE (_xtos_cause3_handler, 0x40000590)
                [!provide]                PROVIDE (_xtos_ints_off, 0x4000bda4)
                [!provide]                PROVIDE (_xtos_ints_on, 0x4000bd84)
                [!provide]                PROVIDE (_xtos_l1int_handler, 0x4000048c)
                [!provide]                PROVIDE (_xtos_p_none, 0x4000dbf8)
                [!provide]                PROVIDE (_xtos_restore_intlevel, 0x4000056c)
                [!provide]                PROVIDE (_xtos_return_from_exc, 0x4000dc54)
                [!provide]                PROVIDE (_xtos_set_exception_handler, 0x40000454)
                [!provide]                PROVIDE (_xtos_set_interrupt_handler, 0x4000bd70)
                [!provide]                PROVIDE (_xtos_set_interrupt_handler_arg, 0x4000bd28)
                [!provide]                PROVIDE (_xtos_set_intlevel, 0x4000dbfc)
                [!provide]                PROVIDE (_xtos_set_min_intlevel, 0x4000dc18)
                [!provide]                PROVIDE (_xtos_set_vpri, 0x40000574)
                [!provide]                PROVIDE (_xtos_syscall_handler, 0x4000dbe4)
                [!provide]                PROVIDE (_xtos_unhandled_exception, 0x4000dc44)
                [!provide]                PROVIDE (_xtos_unhandled_interrupt, 0x4000dc3c)
                [!provide]                PROVIDE (aes_decrypt, 0x400092d4)
                [!provide]                PROVIDE (aes_decrypt_deinit, 0x400092e4)
                [!provide]                PROVIDE (aes_decrypt_init, 0x40008ea4)
                [!provide]                PROVIDE (aes_unwrap, 0x40009410)
                [!provide]                PROVIDE (base64_decode, 0x40009648)
                [!provide]                PROVIDE (base64_encode, 0x400094fc)
                [!provide]                PROVIDE (bzero, 0x4000de84)
                [!provide]                PROVIDE (cmd_parse, 0x40000814)
                [!provide]                PROVIDE (conv_str_decimal, 0x40000b24)
                [!provide]                PROVIDE (conv_str_hex, 0x40000cb8)
                [!provide]                PROVIDE (convert_para_str, 0x40000a60)
                [!provide]                PROVIDE (dtm_get_intr_mask, 0x400026d0)
                [!provide]                PROVIDE (dtm_params_init, 0x4000269c)
                [!provide]                PROVIDE (dtm_set_intr_mask, 0x400026c8)
                [!provide]                PROVIDE (dtm_set_params, 0x400026dc)
                [!provide]                PROVIDE (eprintf, 0x40001d14)
                [!provide]                PROVIDE (eprintf_init_buf, 0x40001cb8)
                [!provide]                PROVIDE (eprintf_to_host, 0x40001d48)
                [!provide]                PROVIDE (est_get_printf_buf_remain_len, 0x40002494)
                [!provide]                PROVIDE (est_reset_printf_buf_len, 0x4000249c)
                [!provide]                PROVIDE (ets_bzero, 0x40002ae8)
                [!provide]                PROVIDE (ets_char2xdigit, 0x40002b74)
                [!provide]                PROVIDE (ets_delay_us, 0x40002ecc)
                [!provide]                PROVIDE (ets_enter_sleep, 0x400027b8)
                [!provide]                PROVIDE (ets_external_printf, 0x40002578)
                [!provide]                PROVIDE (ets_get_cpu_frequency, 0x40002f0c)
                [!provide]                PROVIDE (ets_getc, 0x40002bcc)
                [!provide]                PROVIDE (ets_install_external_printf, 0x40002450)
                [!provide]                PROVIDE (ets_install_putc1, 0x4000242c)
                [!provide]                PROVIDE (ets_install_putc2, 0x4000248c)
                [!provide]                PROVIDE (ets_install_uart_printf, 0x40002438)
                [!provide]                PROVIDE (ets_intr_lock, 0x40000f74)
                [!provide]                PROVIDE (ets_intr_unlock, 0x40000f80)
                [!provide]                PROVIDE (ets_isr_attach, 0x40000f88)
                [!provide]                PROVIDE (ets_isr_mask, 0x40000f98)
                [!provide]                PROVIDE (ets_isr_unmask, 0x40000fa8)
                0x400018d4                PROVIDE (ets_memcmp, 0x400018d4)
                [!provide]                PROVIDE (ets_memcpy, 0x400018b4)
                [!provide]                PROVIDE (ets_memmove, 0x400018c4)
                [!provide]                PROVIDE (ets_memset, 0x400018a4)
                [!provide]                PROVIDE (ets_post, 0x40000e24)
                [!provide]                PROVIDE (ets_printf, 0x400024cc)
                [!provide]                PROVIDE (ets_putc, 0x40002be8)
                [!provide]                PROVIDE (ets_rtc_int_register, 0x40002a40)
                [!provide]                PROVIDE (ets_run, 0x40000e04)
                [!provide]                PROVIDE (ets_set_idle_cb, 0x40000dc0)
                [!provide]                PROVIDE (ets_set_user_start, 0x40000fbc)
                [!provide]                PROVIDE (ets_str2macaddr, 0x40002af8)
                [!provide]                PROVIDE (ets_strcmp, 0x40002aa8)
                [!provide]                PROVIDE (ets_strcpy, 0x40002a88)
                [!provide]                PROVIDE (ets_strlen, 0x40002ac8)
                [!provide]                PROVIDE (ets_strncmp, 0x40002ab8)
                [!provide]                PROVIDE (ets_strncpy, 0x40002a98)
                [!provide]                PROVIDE (ets_strstr, 0x40002ad8)
                [!provide]                PROVIDE (ets_task, 0x40000dd0)
                [!provide]                PROVIDE (ets_timer_arm, 0x40002cc4)
                0x40002d40                PROVIDE (ets_timer_disarm, 0x40002d40)
                [!provide]                PROVIDE (ets_timer_done, 0x40002d80)
                [!provide]                PROVIDE (ets_timer_handler_isr, 0x40002da8)
                [!provide]                PROVIDE (ets_timer_init, 0x40002e68)
                0x40002c48                PROVIDE (ets_timer_setfn, 0x40002c48)
                [!provide]                PROVIDE (ets_uart_printf, 0x40002544)
                [!provide]                PROVIDE (ets_update_cpu_frequency, 0x40002f04)
                [!provide]                PROVIDE (ets_vprintf, 0x40001f00)
                [!provide]                PROVIDE (ets_wdt_disable, 0x400030f0)
                [!provide]                PROVIDE (ets_wdt_enable, 0x40002fa0)
                [!provide]                PROVIDE (ets_wdt_get_mode, 0x40002f34)
                [!provide]                PROVIDE (ets_wdt_init, 0x40003170)
                [!provide]                PROVIDE (ets_wdt_restore, 0x40003158)
                [!provide]                PROVIDE (ets_write_char, 0x40001da0)
                [!provide]                PROVIDE (get_first_seg, 0x4000091c)
                [!provide]                PROVIDE (gpio_init, 0x40004c50)
                [!provide]                PROVIDE (gpio_input_get, 0x40004cf0)
                [!provide]                PROVIDE (gpio_intr_ack, 0x40004dcc)
                [!provide]                PROVIDE (gpio_intr_handler_register, 0x40004e28)
                [!provide]                PROVIDE (gpio_intr_pending, 0x40004d88)
                [!provide]                PROVIDE (gpio_intr_test, 0x40004efc)
                [!provide]                PROVIDE (gpio_output_set, 0x40004cd0)
                [!provide]                PROVIDE (gpio_pin_intr_state_set, 0x40004d90)
                [!provide]                PROVIDE (gpio_pin_wakeup_disable, 0x40004ed4)
                [!provide]                PROVIDE (gpio_pin_wakeup_enable, 0x40004e90)
                [!provide]                PROVIDE (gpio_register_get, 0x40004d5c)
                [!provide]                PROVIDE (gpio_register_set, 0x40004d04)
                [!provide]                PROVIDE (hmac_md5, 0x4000a2cc)
                [!provide]                PROVIDE (hmac_md5_vector, 0x4000a160)
                [!provide]                PROVIDE (hmac_sha1, 0x4000ba28)
                [!provide]                PROVIDE (hmac_sha1_vector, 0x4000b8b4)
                [!provide]                PROVIDE (lldesc_build_chain, 0x40004f40)
                [!provide]                PROVIDE (lldesc_num2link, 0x40005050)
                [!provide]                PROVIDE (lldesc_set_owner, 0x4000507c)
                [!provide]                PROVIDE (main, 0x40000fec)
                [!provide]                PROVIDE (md5_vector, 0x400097ac)
                [!provide]                PROVIDE (mem_calloc, 0x40001c2c)
                [!provide]                PROVIDE (mem_free, 0x400019e0)
                [!provide]                PROVIDE (mem_init, 0x40001998)
                [!provide]                PROVIDE (mem_malloc, 0x40001b40)
                [!provide]                PROVIDE (mem_realloc, 0x40001c6c)
                [!provide]                PROVIDE (mem_trim, 0x40001a14)
                [!provide]                PROVIDE (mem_zalloc, 0x40001c58)
                [!provide]                PROVIDE (memcmp, 0x4000dea8)
                [!provide]                PROVIDE (memcpy, 0x4000df48)
                [!provide]                PROVIDE (memmove, 0x4000e04c)
                [!provide]                PROVIDE (memset, 0x4000e190)
                [!provide]                PROVIDE (multofup, 0x400031c0)
                [!provide]                PROVIDE (pbkdf2_sha1, 0x4000b840)
                [!provide]                PROVIDE (phy_get_romfuncs, 0x40006b08)
                [!provide]                PROVIDE (rand, 0x40000600)
                [!provide]                PROVIDE (rc4_skip, 0x4000dd68)
                [!provide]                PROVIDE (recv_packet, 0x40003d08)
                [!provide]                PROVIDE (remove_head_space, 0x40000a04)
                [!provide]                PROVIDE (rijndaelKeySetupDec, 0x40008dd0)
                [!provide]                PROVIDE (rijndaelKeySetupEnc, 0x40009300)
                [!provide]                PROVIDE (rom_abs_temp, 0x400060c0)
                [!provide]                PROVIDE (rom_ana_inf_gating_en, 0x40006b10)
                [!provide]                PROVIDE (rom_cal_tos_v50, 0x40007a28)
                [!provide]                PROVIDE (rom_chip_50_set_channel, 0x40006f84)
                [!provide]                PROVIDE (rom_chip_v5_disable_cca, 0x400060d0)
                [!provide]                PROVIDE (rom_chip_v5_enable_cca, 0x400060ec)
                [!provide]                PROVIDE (rom_chip_v5_rx_init, 0x4000711c)
                [!provide]                PROVIDE (rom_chip_v5_sense_backoff, 0x4000610c)
                [!provide]                PROVIDE (rom_chip_v5_tx_init, 0x4000718c)
                [!provide]                PROVIDE (rom_dc_iq_est, 0x4000615c)
                [!provide]                PROVIDE (rom_en_pwdet, 0x400061b8)
                [!provide]                PROVIDE (rom_get_bb_atten, 0x40006238)
                [!provide]                PROVIDE (rom_get_corr_power, 0x40006260)
                [!provide]                PROVIDE (rom_get_fm_sar_dout, 0x400062dc)
                [!provide]                PROVIDE (rom_get_noisefloor, 0x40006394)
                [!provide]                PROVIDE (rom_get_power_db, 0x400063b0)
                [!provide]                PROVIDE (rom_i2c_readReg, 0x40007268)
                [!provide]                PROVIDE (rom_i2c_readReg_Mask, 0x4000729c)
                [!provide]                PROVIDE (rom_i2c_writeReg, 0x400072d8)
                [!provide]                PROVIDE (rom_i2c_writeReg_Mask, 0x4000730c)
                [!provide]                PROVIDE (rom_iq_est_disable, 0x40006400)
                [!provide]                PROVIDE (rom_iq_est_enable, 0x40006430)
                [!provide]                PROVIDE (rom_linear_to_db, 0x40006484)
                [!provide]                PROVIDE (rom_mhz2ieee, 0x400065a4)
                [!provide]                PROVIDE (rom_pbus_dco___SA2, 0x40007bf0)
                [!provide]                PROVIDE (rom_pbus_debugmode, 0x4000737c)
                [!provide]                PROVIDE (rom_pbus_enter_debugmode, 0x40007410)
                [!provide]                PROVIDE (rom_pbus_exit_debugmode, 0x40007448)
                [!provide]                PROVIDE (rom_pbus_force_test, 0x4000747c)
                [!provide]                PROVIDE (rom_pbus_rd, 0x400074d8)
                [!provide]                PROVIDE (rom_pbus_set_rxgain, 0x4000754c)
                [!provide]                PROVIDE (rom_pbus_set_txgain, 0x40007610)
                [!provide]                PROVIDE (rom_pbus_workmode, 0x40007648)
                [!provide]                PROVIDE (rom_pbus_xpd_rx_off, 0x40007688)
                [!provide]                PROVIDE (rom_pbus_xpd_rx_on, 0x400076cc)
                [!provide]                PROVIDE (rom_pbus_xpd_tx_off, 0x400076fc)
                [!provide]                PROVIDE (rom_pbus_xpd_tx_on, 0x40007740)
                [!provide]                PROVIDE (rom_pbus_xpd_tx_on__low_gain, 0x400077a0)
                [!provide]                PROVIDE (rom_phy_reset_req, 0x40007804)
                [!provide]                PROVIDE (rom_restart_cal, 0x4000781c)
                [!provide]                PROVIDE (rom_rfcal_pwrctrl, 0x40007eb4)
                [!provide]                PROVIDE (rom_rfcal_rxiq, 0x4000804c)
                [!provide]                PROVIDE (rom_rfcal_rxiq_set_reg, 0x40008264)
                [!provide]                PROVIDE (rom_rfcal_txcap, 0x40008388)
                [!provide]                PROVIDE (rom_rfcal_txiq, 0x40008610)
                [!provide]                PROVIDE (rom_rfcal_txiq_cover, 0x400088b8)
                [!provide]                PROVIDE (rom_rfcal_txiq_set_reg, 0x40008a70)
                [!provide]                PROVIDE (rom_rfpll_reset, 0x40007868)
                [!provide]                PROVIDE (rom_rfpll_set_freq, 0x40007968)
                [!provide]                PROVIDE (rom_rxiq_cover_mg_mp, 0x40008b6c)
                [!provide]                PROVIDE (rom_rxiq_get_mis, 0x40006628)
                [!provide]                PROVIDE (rom_sar_init, 0x40006738)
                [!provide]                PROVIDE (rom_set_ana_inf_tx_scale, 0x4000678c)
                [!provide]                PROVIDE (rom_set_channel_freq, 0x40006c50)
                [!provide]                PROVIDE (rom_set_loopback_gain, 0x400067c8)
                [!provide]                PROVIDE (rom_set_noise_floor, 0x40006830)
                [!provide]                PROVIDE (rom_set_rxclk_en, 0x40006550)
                [!provide]                PROVIDE (rom_set_txbb_atten, 0x40008c6c)
                [!provide]                PROVIDE (rom_set_txclk_en, 0x4000650c)
                [!provide]                PROVIDE (rom_set_txiq_cal, 0x40008d34)
                [!provide]                PROVIDE (rom_start_noisefloor, 0x40006874)
                [!provide]                PROVIDE (rom_start_tx_tone, 0x400068b4)
                [!provide]                PROVIDE (rom_stop_tx_tone, 0x4000698c)
                [!provide]                PROVIDE (rom_tx_mac_disable, 0x40006a98)
                [!provide]                PROVIDE (rom_tx_mac_enable, 0x40006ad4)
                [!provide]                PROVIDE (rom_txtone_linear_pwr, 0x40006a1c)
                [!provide]                PROVIDE (rom_write_rfpll_sdm, 0x400078dc)
                [!provide]                PROVIDE (roundup2, 0x400031b4)
                [!provide]                PROVIDE (rtc_enter_sleep, 0x40002870)
                [!provide]                PROVIDE (rtc_get_reset_reason, 0x400025e0)
                [!provide]                PROVIDE (rtc_intr_handler, 0x400029ec)
                [!provide]                PROVIDE (rtc_set_sleep_mode, 0x40002668)
                [!provide]                PROVIDE (save_rxbcn_mactime, 0x400027a4)
                [!provide]                PROVIDE (save_tsf_us, 0x400027ac)
                [!provide]                PROVIDE (send_packet, 0x40003c80)
                [!provide]                PROVIDE (sha1_prf, 0x4000ba48)
                [!provide]                PROVIDE (sha1_vector, 0x4000a2ec)
                [!provide]                PROVIDE (sip_alloc_to_host_evt, 0x40005180)
                [!provide]                PROVIDE (sip_get_ptr, 0x400058a8)
                [!provide]                PROVIDE (sip_get_state, 0x40005668)
                [!provide]                PROVIDE (sip_init_attach, 0x4000567c)
                [!provide]                PROVIDE (sip_install_rx_ctrl_cb, 0x4000544c)
                [!provide]                PROVIDE (sip_install_rx_data_cb, 0x4000545c)
                [!provide]                PROVIDE (sip_post, 0x400050fc)
                [!provide]                PROVIDE (sip_post_init, 0x400056c4)
                [!provide]                PROVIDE (sip_reclaim_from_host_cmd, 0x4000534c)
                [!provide]                PROVIDE (sip_reclaim_tx_data_pkt, 0x400052c0)
                [!provide]                PROVIDE (sip_send, 0x40005808)
                [!provide]                PROVIDE (sip_to_host_chain_append, 0x40005864)
                [!provide]                PROVIDE (sip_to_host_evt_send_done, 0x40005234)
                [!provide]                PROVIDE (slc_add_credits, 0x400060ac)
                [!provide]                PROVIDE (slc_enable, 0x40005d90)
                [!provide]                PROVIDE (slc_from_host_chain_fetch, 0x40005f24)
                [!provide]                PROVIDE (slc_from_host_chain_recycle, 0x40005e94)
                [!provide]                PROVIDE (slc_init_attach, 0x40005c50)
                [!provide]                PROVIDE (slc_init_credit, 0x4000608c)
                [!provide]                PROVIDE (slc_pause_from_host, 0x40006014)
                [!provide]                PROVIDE (slc_reattach, 0x40005c1c)
                [!provide]                PROVIDE (slc_resume_from_host, 0x4000603c)
                [!provide]                PROVIDE (slc_select_tohost_gpio, 0x40005dc0)
                [!provide]                PROVIDE (slc_select_tohost_gpio_mode, 0x40005db8)
                [!provide]                PROVIDE (slc_send_to_host_chain, 0x40005de4)
                [!provide]                PROVIDE (slc_set_host_io_max_window, 0x40006068)
                [!provide]                PROVIDE (slc_to_host_chain_recycle, 0x40005f10)
                [!provide]                PROVIDE (software_reset, 0x4000264c)
                [!provide]                PROVIDE (spi_flash_attach, 0x40004644)
                [!provide]                PROVIDE (srand, 0x400005f0)
                [!provide]                PROVIDE (strcmp, 0x4000bdc8)
                [!provide]                PROVIDE (strcpy, 0x4000bec8)
                [!provide]                PROVIDE (strlen, 0x4000bf4c)
                [!provide]                PROVIDE (strncmp, 0x4000bfa8)
                [!provide]                PROVIDE (strncpy, 0x4000c0a0)
                [!provide]                PROVIDE (strstr, 0x4000e1e0)
                [!provide]                PROVIDE (timer_insert, 0x40002c64)
                [!provide]                PROVIDE (uartAttach, 0x4000383c)
                [!provide]                PROVIDE (uart_baudrate_detect, 0x40003924)
                [!provide]                PROVIDE (uart_buff_switch, 0x400038a4)
                [!provide]                PROVIDE (uart_div_modify, 0x400039d8)
                [!provide]                PROVIDE (uart_rx_intr_handler, 0x40003bbc)
                [!provide]                PROVIDE (uart_rx_one_char, 0x40003b8c)
                [!provide]                PROVIDE (uart_rx_one_char_block, 0x40003b64)
                [!provide]                PROVIDE (uart_rx_readbuff, 0x40003ec8)
                [!provide]                PROVIDE (uart_tx_one_char, 0x40003b30)
                [!provide]                PROVIDE (wepkey_128, 0x4000bc40)
                [!provide]                PROVIDE (wepkey_64, 0x4000bb3c)
                [!provide]                PROVIDE (xthal_bcopy, 0x40000688)
                [!provide]                PROVIDE (xthal_copy123, 0x4000074c)
                [!provide]                PROVIDE (xthal_get_ccompare, 0x4000dd4c)
                [!provide]                PROVIDE (xthal_get_ccount, 0x4000dd38)
                [!provide]                PROVIDE (xthal_get_interrupt, 0x4000dd58)
                [!provide]                PROVIDE (xthal_get_intread, 0x4000dd58)
                [!provide]                PROVIDE (xthal_memcpy, 0x400006c4)
                [!provide]                PROVIDE (xthal_set_ccompare, 0x4000dd40)
                [!provide]                PROVIDE (xthal_set_intclear, 0x4000dd60)
                [!provide]                PROVIDE (xthal_spill_registers_into_stack_nw, 0x4000e320)
                [!provide]                PROVIDE (xthal_window_spill, 0x4000e324)
                [!provide]                PROVIDE (xthal_window_spill_nw, 0x4000e320)
                [!provide]                PROVIDE (Td0, 0x3fffd100)
                [!provide]                PROVIDE (Td4s, 0x3fffd500)
                [!provide]                PROVIDE (rcons, 0x3fffd0f0)
                [!provide]                PROVIDE (Te0, 0x3fffccf0)
                [!provide]                PROVIDE (UartDev, 0x3fffde10)
                [!provide]                PROVIDE (rtc_calib, 0x3fffc700)
                [!provide]                PROVIDE (cpu_clk_mhz, 0x3fffc704)
                [!provide]                PROVIDE (wdt_info, 0x3fffc708)
                [!provide]                PROVIDE (flashchip, 0x3fffc714)
                [!provide]                PROVIDE (esp_print_exception_regs, 0x40001878)
                [!provide]                PROVIDE (esp_dump_regs, 0x400017e0)
                [!provide]                PROVIDE (esp_FatalException, 0x40001878)
                [!provide]                PROVIDE (esp_exception9, 0x400017e0)
                [!provide]                PROVIDE (SPIFlashCnfig, 0x40004568)
                [!provide]                PROVIDE (_putc1, 0x40001dcc)
                [!provide]                PROVIDE (_putc2_def, 0x400024a8)
                [!provide]                PROVIDE (base64_table, 0x3fffd600)
                [!provide]                PROVIDE (printf_buf_len, 0x3fffdd58)
                [!provide]                PROVIDE (printf_pbuf, 0x3fffdd5c)
                [!provide]                PROVIDE (user_start_proc, 0x3fffdcd0)
                [!provide]                PROVIDE (dtm_params, 0x3fffdd64)
                [!provide]                PROVIDE (ets_bit_task_priority, 0x3fffc6fc)
                [!provide]                PROVIDE (ets_idle_cb, 0x3fffdab0)
                [!provide]                PROVIDE (ets_idle_arg, 0x3fffdab4)
                [!provide]                PROVIDE (ets_bit_count_task, 0x3fffdab8)
                [!provide]                PROVIDE (ets_tab_task, 0x3fffdac0)
                [!provide]                PROVIDE (timer_list, 0x3fffddb0)
                [!provide]                PROVIDE (rom_bss_end, 0x3fffeb30)
                [!provide]                PROVIDE (_sprintf_buf, 0x3fffe360)
                [!provide]                PROVIDE (print_mem_buf, 0x3fffe364)
                [!provide]                PROVIDE (dport_, 0x3ff00000)
                [!provide]                PROVIDE (io2_regs_, 0x3ff20000)
                [!provide]                PROVIDE (uart0_, 0x60000000)
                [!provide]                PROVIDE (spi1_, 0x60000100)
                [!provide]                PROVIDE (spi0_, 0x60000200)
                [!provide]                PROVIDE (gpio_, 0x60000300)
                [!provide]                PROVIDE (hdrf_, 0x60000500)
                [!provide]                PROVIDE (timer_, 0x60000600)
                [!provide]                PROVIDE (rtc_, 0x60000700)
                [!provide]                PROVIDE (iomux_, 0x60000800)
                [!provide]                PROVIDE (wdt_, 0x60000900)
                [!provide]                PROVIDE (sdio_, 0x60000a00)
                [!provide]                PROVIDE (scl_, 0x60000b00)
                [!provide]                PROVIDE (sar_, 0x60000d00)
                [!provide]                PROVIDE (i2s_, 0x60000e00)
                [!provide]                PROVIDE (uart1_, 0x60000f00)
                [!provide]                PROVIDE (rtc_ram_, 0x60001000)
                [!provide]                PROVIDE (rtc_mem_, 0x60001100)
                [!provide]                PROVIDE (io4_regs_, 0x60009800)
                [!provide]                PROVIDE (_memmap_cacheattr_wb_base, 0x110)
                [!provide]                PROVIDE (_memmap_cacheattr_wt_base, 0x110)
                [!provide]                PROVIDE (_memmap_cacheattr_bp_base, 0x220)
                [!provide]                PROVIDE (_memmap_cacheattr_wb_allvalid, 0x22222112)
                [!provide]                PROVIDE (_memmap_cacheattr_wt_allvalid, 0x22222112)
                [!provide]                PROVIDE (_memmap_cacheattr_wb_trapnull, 0x2222211f)
                [!provide]                PROVIDE (_memmap_cacheattr_wba_trapnull, 0x2222211f)
                [!provide]                PROVIDE (_memmap_cacheattr_wbna_trapnull, 0x2222211f)
                [!provide]                PROVIDE (_memmap_cacheattr_wt_trapnull, 0x2222211f)
                [!provide]                PROVIDE (_memmap_cacheattr_bp_allvalid, 0x22222222)
                [!provide]                PROVIDE (_memmap_cacheattr_bp_trapnull, 0x2222222f)
                [!provide]                PROVIDE (_dport0_data_end, 0x3ff00000)
                [!provide]                PROVIDE (_dport0_data_start, 0x3ff00000)
                [!provide]                PROVIDE (_dport0_literal_end, 0x3ff00000)
                [!provide]                PROVIDE (_dport0_literal_start, 0x3ff00000)
                [!provide]                PROVIDE (_dport0_rodata_end, 0x3ff00000)
                [!provide]                PROVIDE (_dport0_rodata_start, 0x3ff00000)
                [!provide]                PROVIDE (dport_, 0x3ff00000)
                [!provide]                PROVIDE (_data_start, 0x3ffe8000)
                [!provide]                PROVIDE (TmpSTAAPCloseAP, 0x3ffe8000)
                [!provide]                PROVIDE (tx_rf_ana_gain, 0x3ffe8012)
                [!provide]                PROVIDE (rx_gain_swp, 0x3ffe8040)
                [!provide]                PROVIDE (test_rffreq_txcap, 0x3ffe8060)
                [!provide]                PROVIDE (rfcal_bb_atten_init, 0x3ffe8064)
                [!provide]                PROVIDE (chip_version, 0x3ffe8068)
                [!provide]                PROVIDE (soft_wdt_interval, 0x3ffe8074)
                [!provide]                PROVIDE (NoiseTimerInterval, 0x3ffe8078)
                [!provide]                PROVIDE (sleep_start_wait_time, 0x3ffe8080)
                [!provide]                PROVIDE (CanDoFreqCal, 0x3ffe8088)
                [!provide]                PROVIDE (tcb, 0x3ffe808c)
                [!provide]                PROVIDE (timer2_ms_flag, 0x3ffe831d)
                [!provide]                PROVIDE (dhcps_flag, 0x3ffe831e)
                [!provide]                PROVIDE (dhcpc_flag, 0x3ffe831f)
                [!provide]                PROVIDE (reconnect_internal, 0x3ffe8321)
                [!provide]                PROVIDE (SDK_VERSION, 0x3ffe834c)
                [!provide]                PROVIDE (offer, 0x3ffe8360)
                [!provide]                PROVIDE (HTTPCookie, 0x3ffe8364)
                [!provide]                PROVIDE (HTTPAuthorization, 0x3ffe8368)
                [!provide]                PROVIDE (HTTPboundary, 0x3ffe836c)
                [!provide]                PROVIDE (HTTPmultipartformdata, 0x3ffe8370)
                [!provide]                PROVIDE (HTTPContentType, 0x3ffe8374)
                [!provide]                PROVIDE (HTTPContentLength, 0x3ffe8378)
                [!provide]                PROVIDE (HTTPHost, 0x3ffe837c)
                [!provide]                PROVIDE (HTTPSecWebSocketKey, 0x3ffe8380)
                [!provide]                PROVIDE (HTTPwebsocket, 0x3ffe8384)
                [!provide]                PROVIDE (HTTPUpgrade, 0x3ffe8388)
                [!provide]                PROVIDE (_data_end, 0x3ffe838c)
                [!provide]                PROVIDE (_rodata_start, 0x3ffe838c)
                [!provide]                PROVIDE (ethzero, 0x3ffe8470)
                [!provide]                PROVIDE (ethbroadcast, 0x3ffe8476)
                [!provide]                PROVIDE (HostNameLocal, 0x3ffe84d9)
                [!provide]                PROVIDE (httpContentTypes, 0x3ffe86ac)
                [!provide]                PROVIDE (httpFileExtensions, 0x3ffe86f0)
                [!provide]                PROVIDE (mdbtabaddr, 0x3ffe8aac)
                [!provide]                PROVIDE (_bss_table_end, 0x3ffe8bcc)
                [!provide]                PROVIDE (_bss_table_start, 0x3ffe8bcc)
                [!provide]                PROVIDE (_rodata_end, 0x3ffe8bcc)
                [!provide]                PROVIDE (_bss_start, 0x3ffe8bd0)
                [!provide]                PROVIDE (g_ic, 0x3ffe8bd0)
                [!provide]                PROVIDE (BcnEb_update, 0x3ffe9260)
                [!provide]                PROVIDE (BcnWithMcastSendStart, 0x3ffe926d)
                [!provide]                PROVIDE (BcnWithMcastSendCnt, 0x3ffe926e)
                [!provide]                PROVIDE (PendFreeBcnEb, 0x3ffe9288)
                [!provide]                PROVIDE (ApFreqCalTimer, 0x3ffe928c)
                [!provide]                PROVIDE (APRecvBcnStartTick, 0x3ffe92a0)
                [!provide]                PROVIDE (gScanStruct, 0x3ffe92b8)
                [!provide]                PROVIDE (connect_scan_flag, 0x3ffe9364)
                [!provide]                PROVIDE (FreqCalCntForScan, 0x3ffe9365)
                [!provide]                PROVIDE (TestStaFreqCalValInput, 0x3ffe9366)
                [!provide]                PROVIDE (auth_type, 0x3ffe9368)
                [!provide]                PROVIDE (scannum, 0x3ffe936a)
                [!provide]                PROVIDE (interface_mask, 0x3ffe9390)
                [!provide]                PROVIDE (if_ctrl, 0x3ffe93b0)
                [!provide]                PROVIDE (lmacConfMib, 0x3ffe93d4)
                [!provide]                PROVIDE (our_tx_eb, 0x3ffe93f8)
                [!provide]                PROVIDE (g_phyFuns, 0x3ffe9528)
                [!provide]                PROVIDE (rxiq_compute_num, 0x3ffe952c)
                [!provide]                PROVIDE (rx_table_renew_en, 0x3ffe9530)
                [!provide]                PROVIDE (check_result, 0x3ffe9534)
                [!provide]                PROVIDE (chip6_sleep_params, 0x3ffe9538)
                [!provide]                PROVIDE (chip6_phy_init_ctrl, 0x3ffe95cc)
                [!provide]                PROVIDE (phy_freq_offset, 0x3ffe9640)
                [!provide]                PROVIDE (do_pwctrl_flag, 0x3ffe9642)
                [!provide]                PROVIDE (txbk_dpdby_flag, 0x3ffe9643)
                [!provide]                PROVIDE (sw_scan_mode, 0x3ffe9645)
                [!provide]                PROVIDE (rxmax_ext_level, 0x3ffe9646)
                [!provide]                PROVIDE (phy_rx_gain_dc_table, 0x3ffe9648)
                [!provide]                PROVIDE (periodic_cal_dc_num, 0x3ffe965c)
                [!provide]                PROVIDE (periodic_cal_flag, 0x3ffe9660)
                [!provide]                PROVIDE (bbpll_cal_flag, 0x3ffe9661)
                [!provide]                PROVIDE (phy_in_most_power, 0x3ffe9662)
                [!provide]                PROVIDE (init_rf_no_cal, 0x3ffe9663)
                [!provide]                PROVIDE (test_print_time, 0x3ffe9664)
                [!provide]                PROVIDE (phy_rx_gain_dc_flag, 0x3ffe9668)
                [!provide]                PROVIDE (phy_in_vdd33_offset, 0x3ffe9669)
                [!provide]                PROVIDE (phy_set_most_tpw_disbg, 0x3ffe966a)
                [!provide]                PROVIDE (phy_set_most_tpw_index, 0x3ffe966b)
                [!provide]                PROVIDE (adc_rand_noise, 0x3ffe966c)
                [!provide]                PROVIDE (dpd_bypass_original, 0x3ffe9670)
                [!provide]                PROVIDE (phy_txpwr_diff_flash, 0x3ffe9672)
                [!provide]                PROVIDE (noise_array, 0x3ffe9678)
                [!provide]                PROVIDE (tout_dis_txpwr_track, 0x3ffe9684)
                [!provide]                PROVIDE (sleep_mode_flag, 0x3ffe9685)
                [!provide]                PROVIDE (phy_tx_power_out, 0x3ffe9688)
                [!provide]                PROVIDE (phy_tx_pwr_error, 0x3ffe968a)
                [!provide]                PROVIDE (tx_pwctrl_track_num, 0x3ffe968c)
                [!provide]                PROVIDE (rxiq_cover_fail_num, 0x3ffe968d)
                [!provide]                PROVIDE (phy_meas_freq_offset, 0x3ffe968e)
                [!provide]                PROVIDE (tx_pwctrl_pk_num, 0x3ffe9690)
                [!provide]                PROVIDE (periodic_cal_sat, 0x3ffe9694)
                [!provide]                PROVIDE (lslp_mem_opt_8266, 0x3ffe9696)
                [!provide]                PROVIDE (software_slp_reject, 0x3ffe9698)
                [!provide]                PROVIDE (SDIO_slp_reject, 0x3ffe9699)
                [!provide]                PROVIDE (hardware_reject, 0x3ffe969a)
                [!provide]                PROVIDE (pmc, 0x3ffe96a0)
                [!provide]                PROVIDE (flash_tmp, 0x3ffe9780)
                [!provide]                PROVIDE (pend_flag_noise_check, 0x3ffe9808)
                [!provide]                PROVIDE (pend_flag_periodic_cal, 0x3ffe9810)
                [!provide]                PROVIDE (idle_timer_reopen_flag, 0x3ffe9828)
                [!provide]                PROVIDE (dbg_stop_sw_wdt, 0x3ffe982a)
                [!provide]                PROVIDE (dbg_stop_hw_wdt, 0x3ffe982b)
                [!provide]                PROVIDE (total_buffed_eb_num, 0x3ffe982d)
                [!provide]                PROVIDE (HighestFreqOffsetInOneChk, 0x3ffe9830)
                [!provide]                PROVIDE (LowestFreqOffsetInOneChk, 0x3ffe9832)
                [!provide]                PROVIDE (DefFreqCalTimer, 0x3ffe9834)
                [!provide]                PROVIDE (PktNumInOneChk, 0x3ffe9848)
                [!provide]                PROVIDE (buffed_eb_arr, 0x3ffe99d0)
                [!provide]                PROVIDE (deep_sleep_flag, 0x3ffea187)
                [!provide]                PROVIDE (cpu_overclock, 0x3ffea188)
                [!provide]                PROVIDE (event_cb, 0x3ffea18c)
                [!provide]                PROVIDE (status_led_output_level, 0x3ffea190)
                [!provide]                PROVIDE (done_cb, 0x3ffea194)
                [!provide]                PROVIDE (rst_if, 0x3ffea198)
                [!provide]                PROVIDE (default_interface, 0x3ffea1b4)
                [!provide]                PROVIDE (OpmodChgIsOnGoing, 0x3ffea1b5)
                [!provide]                PROVIDE (promiscuous_cb, 0x3ffea1b8)
                [!provide]                PROVIDE (event_TaskQueue, 0x3ffea1d0)
                [!provide]                PROVIDE (wDevCtrl, 0x3ffea2e0)
                [!provide]                PROVIDE (WdevTimOffSet, 0x3ffea488)
                [!provide]                PROVIDE (sta_con_timer, 0x3ffed608)
                [!provide]                PROVIDE (backup_ni_connect_status, 0x3ffed61c)
                [!provide]                PROVIDE (g_cnx_probe_rc_list_cb, 0x3ffed620)
                [!provide]                PROVIDE (reconnect_flag, 0x3ffed624)
                [!provide]                PROVIDE (no_ap_found_index, 0x3ffed625)
                [!provide]                PROVIDE (etharp_cached_entry, 0x3ffee350)
                [!provide]                PROVIDE (arp_table, 0x3ffee354)
                [!provide]                PROVIDE (ip_id, 0x3ffee444)
                [!provide]                PROVIDE (xStart, 0x3ffee458)
                [!provide]                PROVIDE (tcp_timer, 0x3ffee461)
                [!provide]                PROVIDE (recv_flags, 0x3ffee462)
                [!provide]                PROVIDE (tcplen, 0x3ffee464)
                [!provide]                PROVIDE (flags, 0x3ffee466)
                [!provide]                PROVIDE (seqno, 0x3ffee468)
                [!provide]                PROVIDE (inseg, 0x3ffee46c)
                [!provide]                PROVIDE (client_address_plus, 0x3ffee480)
                [!provide]                PROVIDE (client_address, 0x3ffee484)
                [!provide]                PROVIDE (server_address, 0x3ffee488)
                [!provide]                PROVIDE (broadcast_dhcps, 0x3ffee48c)
                [!provide]                PROVIDE (dns_random, 0x3ffee490)
                [!provide]                PROVIDE (dns_servers, 0x3ffee494)
                [!provide]                PROVIDE (dns_seqno, 0x3ffee49c)
                [!provide]                PROVIDE (allrouters, 0x3ffee4a0)
                [!provide]                PROVIDE (allsystems, 0x3ffee4a4)
                [!provide]                PROVIDE (info, 0x3ffee4a8)
                [!provide]                PROVIDE (user_init_flag, 0x3ffee4cc)
                [!provide]                PROVIDE (lwip_timer_interval, 0x3ffee4ce)
                [!provide]                PROVIDE (default_hostname, 0x3ffee4d0)
                [!provide]                PROVIDE (current_iphdr_src, 0x3ffee4d4)
                [!provide]                PROVIDE (current_netif, 0x3ffee4d8)
                [!provide]                PROVIDE (current_iphdr_dest, 0x3ffee4dc)
                [!provide]                PROVIDE (current_header, 0x3ffee4e0)
                [!provide]                PROVIDE (tcp_listen_pcbs, 0x3ffee4e4)
                [!provide]                PROVIDE (recv_tsf, 0x3ffee4e8)
                [!provide]                PROVIDE (recv_tsf_time, 0x3ffee4f0)
                [!provide]                PROVIDE (dhcp_rx_options_given, 0x3ffee4f4)
                [!provide]                PROVIDE (dhcp_rx_options_val, 0x3ffee500)
                [!provide]                PROVIDE (dhcp_sntp_server_address, 0x3ffee52c)
                [!provide]                PROVIDE (dhcps_lease, 0x3ffee530)
                0x3ffee538                PROVIDE (dns_table, 0x3ffee538)
                [!provide]                PROVIDE (fito_timer, 0x3ffee998)
                [!provide]                PROVIDE (fitoTime, 0x3ffee9ac)
                [!provide]                PROVIDE (wificonfig, 0x3ffee9b0)
                [!provide]                PROVIDE (syscfg, 0x3ffeeae0)
                [!provide]                PROVIDE (tcp_client_url, 0x3ffeeaf8)
                [!provide]                PROVIDE (netbios_name, 0x3ffeeafc)
                [!provide]                PROVIDE (fatCache, 0x3ffeeb10)
                0x3ffeeb20                PROVIDE (mdb_buf, 0x3ffeeb20)
                [!provide]                PROVIDE (_bss_end, 0x3ffeebe8)
                [!provide]                PROVIDE (_heap_start, 0x3ffeebe8)
                [!provide]                PROVIDE (flashchip, 0x3fffc714)
                [!provide]                PROVIDE (Te0, 0x3fffccf0)
                [!provide]                PROVIDE (rcons, 0x3fffd0f0)
                [!provide]                PROVIDE (base64_table, 0x3fffd600)
                [!provide]                PROVIDE (timer_list, 0x3fffddb0)
                [!provide]                PROVIDE (UartDev, 0x3fffde10)
                [!provide]                PROVIDE (_sprintf_buf, 0x3fffe360)
                [!provide]                PROVIDE (print_mem_buf, 0x3fffe364)
                [!provide]                PROVIDE (_ResetVector, 0x40000080)
                [!provide]                PROVIDE (_xtos_set_exception_handler, 0x40000454)
                [!provide]                PROVIDE (__muldi3, 0x40000650)
                [!provide]                PROVIDE (ets_set_idle_cb, 0x40000dc0)
                [!provide]                PROVIDE (ets_task, 0x40000dd0)
                [!provide]                PROVIDE (ets_run, 0x40000e04)
                [!provide]                PROVIDE (ets_post, 0x40000e24)
                [!provide]                PROVIDE (ets_intr_lock, 0x40000f74)
                [!provide]                PROVIDE (ets_intr_unlock, 0x40000f80)
                [!provide]                PROVIDE (ets_isr_attach, 0x40000f88)
                [!provide]                PROVIDE (ets_isr_mask, 0x40000f98)
                [!provide]                PROVIDE (ets_isr_unmask, 0x40000fa8)
                [!provide]                PROVIDE (ets_set_user_start, 0x40000fbc)
                [!provide]                PROVIDE (ets_memset, 0x400018a4)
                [!provide]                PROVIDE (ets_memcpy, 0x400018b4)
                [!provide]                PROVIDE (ets_memcmp, 0x400018d4)
                [!provide]                PROVIDE (ets_write_char, 0x40001da0)
                [!provide]                PROVIDE (ets_vprintf, 0x40001f00)
                [!provide]                PROVIDE (ets_install_putc1, 0x4000242c)
                [!provide]                PROVIDE (ets_printf, 0x400024cc)
                [!provide]                PROVIDE (rtc_get_reset_reason, 0x400025e0)
                [!provide]                PROVIDE (ets_strcpy, 0x40002a88)
                [!provide]                PROVIDE (ets_strncpy, 0x40002a98)
                [!provide]                PROVIDE (ets_strcmp, 0x40002aa8)
                [!provide]                PROVIDE (ets_strncmp, 0x40002ab8)
                [!provide]                PROVIDE (ets_strlen, 0x40002ac8)
                [!provide]                PROVIDE (ets_bzero, 0x40002ae8)
                [!provide]                PROVIDE (ets_timer_setfn, 0x40002c48)
                [!provide]                PROVIDE (timer_insert, 0x40002c64)
                [!provide]                PROVIDE (ets_timer_disarm, 0x40002d40)
                [!provide]                PROVIDE (ets_timer_init, 0x40002e68)
                [!provide]                PROVIDE (ets_delay_us, 0x40002ecc)
                [!provide]                PROVIDE (ets_update_cpu_frequency, 0x40002f04)
                [!provide]                PROVIDE (ets_get_cpu_frequency, 0x40002f0c)
                [!provide]                PROVIDE (ets_wdt_get_mode, 0x40002f34)
                [!provide]                PROVIDE (roundup2, 0x400031b4)
                [!provide]                PROVIDE (uart_buff_switch, 0x400038a4)
                [!provide]                PROVIDE (uart_div_modify, 0x400039d8)
                [!provide]                PROVIDE (Uart_Init, 0x40003a14)
                [!provide]                PROVIDE (SelectSpiFunction, 0x40003f58)
                [!provide]                PROVIDE (SPI_read_status, 0x400043c8)
                [!provide]                PROVIDE (SPI_write_status, 0x40004400)
                [!provide]                PROVIDE (Wait_SPI_Idle, 0x4000448c)
                [!provide]                PROVIDE (SPIFlashCnfig, 0x40004568)
                [!provide]                PROVIDE (Cache_Read_Enable, 0x40004678)
                [!provide]                PROVIDE (Cache_Read_Disable, 0x400047f0)
                [!provide]                PROVIDE (SPIReadModeCnfig, 0x400048ec)
                [!provide]                PROVIDE (SPIEraseBlock, 0x400049b4)
                [!provide]                PROVIDE (SPIEraseSector, 0x40004a00)
                [!provide]                PROVIDE (SPIWrite, 0x40004a4c)
                [!provide]                PROVIDE (gpio_output_set, 0x40004cd0)
                [!provide]                PROVIDE (gpio_pin_intr_state_set, 0x40004d90)
                [!provide]                PROVIDE (lldesc_build_chain, 0x40004f40)
                [!provide]                PROVIDE (lldesc_num2link, 0x40005050)
                [!provide]                PROVIDE (rom_chip_v5_disable_cca, 0x400060d0)
                [!provide]                PROVIDE (rom_chip_v5_enable_cca, 0x400060ec)
                [!provide]                PROVIDE (phy_get_romfuncs, 0x40006b08)
                [!provide]                PROVIDE (rom_i2c_readReg, 0x40007268)
                [!provide]                PROVIDE (rom_i2c_writeReg, 0x400072d8)
                [!provide]                PROVIDE (rom_i2c_writeReg_Mask, 0x4000730c)
                [!provide]                PROVIDE (aes_unwrap, 0x40009410)
                [!provide]                PROVIDE (hmac_md5, 0x4000a2cc)
                [!provide]                PROVIDE (SHA1Init, 0x4000b584)
                [!provide]                PROVIDE (SHA1Update, 0x4000b5a8)
                [!provide]                PROVIDE (SHA1Final, 0x4000b648)
                [!provide]                PROVIDE (pbkdf2_sha1, 0x4000b840)
                [!provide]                PROVIDE (hmac_sha1_vector, 0x4000b8b4)
                [!provide]                PROVIDE (hmac_sha1, 0x4000ba28)
                [!provide]                PROVIDE (sha1_prf, 0x4000ba48)
                [!provide]                PROVIDE (__addsf3, 0x4000c180)
                [!provide]                PROVIDE (__subsf3, 0x4000c268)
                [!provide]                PROVIDE (__mulsf3, 0x4000c3dc)
                [!provide]                PROVIDE (__fixunssfsi, 0x4000c4c4)
                [!provide]                PROVIDE (__muldf3, 0x4000c8f0)
                [!provide]                PROVIDE (__divdf3, 0x4000cb94)
                [!provide]                PROVIDE (__fixdfsi, 0x4000ccb8)
                [!provide]                PROVIDE (__truncdfsf2, 0x4000cd5c)
                [!provide]                PROVIDE (__divdi3, 0x4000ce60)
                [!provide]                PROVIDE (__umoddi3, 0x4000d770)
                [!provide]                PROVIDE (__divsi3, 0x4000dc88)
                [!provide]                PROVIDE (rc4_skip, 0x4000dd68)
                [!provide]                PROVIDE (memcpy, 0x4000df48)
                [!provide]                PROVIDE (memset, 0x4000e190)
                [!provide]                PROVIDE (__udivsi3, 0x4000e21c)
                [!provide]                PROVIDE (__umodsi3, 0x4000e268)
                [!provide]                PROVIDE (__floatunsisf, 0x4000e2a4)
                [!provide]                PROVIDE (__floatsisf, 0x4000e2ac)
                [!provide]                PROVIDE (__floatunsidf, 0x4000e2e8)
                [!provide]                PROVIDE (__floatsidf, 0x4000e2f0)
                [!provide]                PROVIDE (_stext, 0x40100000)
                [!provide]                PROVIDE (_text_start, 0x40100000)
                [!provide]                PROVIDE (jump_boot, 0x40100000)
                [!provide]                PROVIDE (set_qspi_flash_cache, 0x40100024)
                [!provide]                PROVIDE (uart0_write_char, 0x40100074)
                [!provide]                PROVIDE (call_jump_boot, 0x401000cc)
                [!provide]                PROVIDE (uart1_write_char, 0x40100138)
                [!provide]                PROVIDE (user_uart_wait_tx_fifo_empty, 0x40100188)
                0x401001cc                PROVIDE (ets_timer_arm_new, 0x401001cc)
                [!provide]                PROVIDE (lmacIsActive, 0x401002a0)
                [!provide]                PROVIDE (lmacIsIdle, 0x401002b4)
                [!provide]                PROVIDE (lmacSetAcParam, 0x40100750)
                [!provide]                PROVIDE (lmacProcessTXStartData, 0x401007a4)
                [!provide]                PROVIDE (lmacProcessTxSuccess, 0x40100924)
                [!provide]                PROVIDE (GetAccess, 0x40100a68)
                [!provide]                PROVIDE (lmacDiscardAgedMSDU, 0x40100a74)
                [!provide]                PROVIDE (lmacRecycleMPDU, 0x40100a88)
                [!provide]                PROVIDE (lmacProcessTxTimeout, 0x40101060)
                [!provide]                PROVIDE (lmacProcessAllTxTimeout, 0x401010c8)
                [!provide]                PROVIDE (lmacProcessCollisions, 0x401010dc)
                [!provide]                PROVIDE (lmacProcessCollision, 0x4010113c)
                [!provide]                PROVIDE (lmacMSDUAged, 0x401011c0)
                [!provide]                PROVIDE (lmacProcessCtsTimeout, 0x40101550)
                [!provide]                PROVIDE (lmacProcessAckTimeout, 0x40101588)
                [!provide]                PROVIDE (lmacProcessRtsStart, 0x401015e0)
                [!provide]                PROVIDE (lmacProcessTxRtsError, 0x401015ec)
                [!provide]                PROVIDE (lmacProcessTxError, 0x4010168c)
                [!provide]                PROVIDE (lmacTxFrame, 0x4010171c)
                [!provide]                PROVIDE (lmacRxDone, 0x401018b8)
                [!provide]                PROVIDE (prvInsertBlockIntoFreeList, 0x401018d8)
                [!provide]                PROVIDE (pvPortMalloc, 0x40101920)
                [!provide]                PROVIDE (vPortFree, 0x401019d0)
                [!provide]                PROVIDE (pvPortCalloc, 0x40101a20)
                [!provide]                PROVIDE (pvPortZalloc, 0x40101a50)
                [!provide]                PROVIDE (pvPortRealloc, 0x40101a64)
                [!provide]                PROVIDE (xPortGetFreeHeapSize, 0x40101aa0)
                [!provide]                PROVIDE (register_phy_ops, 0x40101ab0)
                [!provide]                PROVIDE (register_get_phy_addr, 0x40101ad0)
                [!provide]                PROVIDE (phy_change_channel, 0x40101ad8)
                [!provide]                PROVIDE (phy_get_mactime, 0x40101af0)
                [!provide]                PROVIDE (phy_adc_read_fast, 0x40101b20)
                [!provide]                PROVIDE (unsign_to_sign, 0x40101d64)
                [!provide]                PROVIDE (phy_get_bb_freqoffset, 0x40101da0)
                [!provide]                PROVIDE (phy_get_bb_evm, 0x40101e08)
                [!provide]                PROVIDE (pm_rtc_clock_cali, 0x40101e24)
                [!provide]                PROVIDE (clockgate_watchdog, 0x40101ee0)
                [!provide]                PROVIDE (pp_soft_wdt_feed_local, 0x40101f44)
                [!provide]                PROVIDE (ppProcessTxQ, 0x40101fd8)
                [!provide]                PROVIDE (ppFetchTxQFirstAvail, 0x4010204c)
                [!provide]                PROVIDE (ppDequeueTxQ, 0x4010208c)
                [!provide]                PROVIDE (ppRollBackTxQ, 0x401020b4)
                [!provide]                PROVIDE (ppRecordBarRRC, 0x401020d8)
                [!provide]                PROVIDE (ppTxqUpdateBitmap, 0x401020e8)
                [!provide]                PROVIDE (ppEnqueueTxDone, 0x40102110)
                [!provide]                PROVIDE (ppEnqueueRxq, 0x40102144)
                [!provide]                PROVIDE (ppDiscardMPDU, 0x4010262c)
                [!provide]                PROVIDE (pp_post, 0x40102650)
                [!provide]                PROVIDE (pp_post2, 0x401026dc)
                [!provide]                PROVIDE (ppCalTxop, 0x40102704)
                [!provide]                PROVIDE (ppCalFrameTimes, 0x40102784)
                [!provide]                PROVIDE (RC_GetAckRate, 0x40102814)
                [!provide]                PROVIDE (RC_GetRtsRate, 0x40102820)
                [!provide]                PROVIDE (RC_GetAckTime, 0x40102830)
                [!provide]                PROVIDE (RC_GetCtsTime, 0x40102844)
                [!provide]                PROVIDE (RC_GetBlockAckTime, 0x4010287c)
                [!provide]                PROVIDE (Cache_Read_Enable_New, 0x401028ec)
                [!provide]                PROVIDE (spi_flash_read, 0x40102910)
                [!provide]                PROVIDE (spi_flash_get_id, 0x40102a18)
                [!provide]                PROVIDE (spi_flash_erase_sector, 0x40102a68)
                [!provide]                PROVIDE (spi_flash_write, 0x40102ab8)
                [!provide]                PROVIDE (spi_flash_erase_block, 0x40102b20)
                [!provide]                PROVIDE (tcp_new_port, 0x40102b78)
                [!provide]                PROVIDE (tcp_close_shutdown, 0x40102c0c)
                [!provide]                PROVIDE (dns_timer, 0x40102d64)
                [!provide]                PROVIDE (igmp_timer, 0x40102d90)
                [!provide]                PROVIDE (dhcp_timer_fine, 0x40102dbc)
                [!provide]                PROVIDE (dhcp_timer_coarse, 0x40102df0)
                [!provide]                PROVIDE (rcUpdateTxDone, 0x40102fec)
                [!provide]                PROVIDE (rcUpdateRxDone, 0x40103080)
                [!provide]                PROVIDE (rcUpdateDataRxDone, 0x401030dc)
                [!provide]                PROVIDE (rcGetSched, 0x401030f8)
                [!provide]                PROVIDE (rcGetRate, 0x401031dc)
                [!provide]                PROVIDE (rcReachRetryLimit, 0x401036f0)
                [!provide]                PROVIDE (trc_NeedRTS, 0x40103708)
                [!provide]                PROVIDE (os_printf_plus, 0x401037d8)
                [!provide]                PROVIDE (system_restart_core, 0x40103904)
                [!provide]                PROVIDE (system_deep_sleep_local_2, 0x40103940)
                [!provide]                PROVIDE (system_get_time, 0x401039b0)
                [!provide]                PROVIDE (system_os_post, 0x401039c8)
                [!provide]                PROVIDE (system_rtc_mem_write, 0x401039fc)
                [!provide]                PROVIDE (system_rtc_mem_read, 0x40103a54)
                [!provide]                PROVIDE (wDev_MacTim1SetFunc, 0x40103e50)
                [!provide]                PROVIDE (wDev_MacTim1Arm, 0x40103e70)
                [!provide]                PROVIDE (wDev_ProcessFiq, 0x40103f08)
                [!provide]                PROVIDE (wDev_EnableTransmit, 0x4010424c)
                [!provide]                PROVIDE (wDev_DisableTransmit, 0x40104284)
                [!provide]                PROVIDE (Tx_Copy2Queue, 0x401042a4)
                [!provide]                PROVIDE (wDev_ProcessCollision, 0x401042ec)
                [!provide]                PROVIDE (wDev_GetTxqCollisions, 0x40104310)
                [!provide]                PROVIDE (wDev_ClearTxqCollisions, 0x40104324)
                [!provide]                PROVIDE (wDev_SetWaitingQueue, 0x40104340)
                [!provide]                PROVIDE (wDev_ClearWaitingQueue, 0x40104388)
                [!provide]                PROVIDE (wDev_SetFrameAckType, 0x401043ac)
                [!provide]                PROVIDE (wDev_AppendRxBlocks, 0x40104410)
                [!provide]                PROVIDE (wDev_AppendRxAmpduLensBlocks, 0x40104554)
                [!provide]                PROVIDE (wDev_GetBAInfo, 0x40104628)
                [!provide]                PROVIDE (wDevDisableRx, 0x4010465c)
                [!provide]                PROVIDE (store_exception_error, 0x40104b1c)
                [!provide]                PROVIDE (fatal_error, 0x40104b54)
                [!provide]                PROVIDE (default_exception_handler, 0x40104b70)
                [!provide]                PROVIDE (chm_get_current_channel, 0x40104b88)
                [!provide]                PROVIDE (__divsf3_aux, 0x40104b94)
                [!provide]                PROVIDE (__divsf3, 0x40104c10)
                [!provide]                PROVIDE (__fixsfsi, 0x40104ccc)
                [!provide]                PROVIDE (esf_rx_buf_alloc, 0x40104d10)
                [!provide]                PROVIDE (run_fito_timer, 0x40104d64)
                [!provide]                PROVIDE (on_fito_timer, 0x40104dbc)
                [!provide]                PROVIDE (uart_intr_handler, 0x40104e38)
                [!provide]                PROVIDE (uart0_set_tout, 0x40104f5c)
                [!provide]                PROVIDE (uart_tx_buf, 0x40104fa8)
                [!provide]                PROVIDE (uart_task, 0x40105000)
                [!provide]                PROVIDE (uart_del_rx_chars, 0x40105044)
                [!provide]                PROVIDE (tcp2uart_send_rxbuf, 0x401050b4)
                [!provide]                PROVIDE (tcp2uart_send_tx_buf, 0x4010511c)
                [!provide]                PROVIDE (GPIO_intr_handler, 0x40105160)
                [!provide]                PROVIDE (tspsrv_delete_pcb, 0x401051a4)
                [!provide]                PROVIDE (MdbWordR, 0x40105224)
                [!provide]                PROVIDE (MdbWordRW, 0x40105250)
                [!provide]                PROVIDE (xPortWantedSizeAlign, 0x401052b8)
                [!provide]                PROVIDE (copy_s4d1, 0x401052c8)
                [!provide]                PROVIDE (copy_s1d4, 0x4010535c)
                [!provide]                PROVIDE (rom_strlen, 0x401053f0)
                [!provide]                PROVIDE (rom_strcpy, 0x40105424)
                [!provide]                PROVIDE (rom_xstrcpy, 0x40105488)
                [!provide]                PROVIDE (rom_xstrcmp, 0x401054d8)
                [!provide]                PROVIDE (rom_strchr, 0x40105520)
                [!provide]                PROVIDE (get_align4_chr, 0x4010555c)
                [!provide]                PROVIDE (write_align4_chr, 0x40105574)
                [!provide]                PROVIDE (tcp_accept_null, 0x40105594)
                [!provide]                PROVIDE (__ashrdi3, 0x401055b0)
                [!provide]                PROVIDE (__modsi3, 0x401055c8)
                [!provide]                PROVIDE (Swapws, 0x40105614)
                [!provide]                PROVIDE (__lshrdi3, 0x40105630)
                [!provide]                PROVIDE (eraminfo, 0x40105648)
                [!provide]                PROVIDE (_etext, 0x40105650)
                [!provide]                PROVIDE (_lit4_start, 0x40105650)
                [!provide]                PROVIDE (_text_end, 0x40105650)
                [!provide]                PROVIDE (check_timeouts_timer, 0x40105650)
                [!provide]                PROVIDE (lwip_if_queues, 0x40105664)
                [!provide]                PROVIDE (hostname, 0x4010566c)
                [!provide]                PROVIDE (xBlockAllocatedBit, 0x40105670)
                [!provide]                PROVIDE (xFreeBytesRemaining, 0x40105674)
                [!provide]                PROVIDE (pxEnd, 0x40105678)
                [!provide]                PROVIDE (netif_default, 0x4010567c)
                [!provide]                PROVIDE (netif_list, 0x40105680)
                [!provide]                PROVIDE (raw_pcbs, 0x40105684)
                [!provide]                PROVIDE (flash_size, 0x40105688)
                [!provide]                PROVIDE (flash_read, 0x4010568c)
                [!provide]                PROVIDE (tcp_tmp_pcb, 0x40105690)
                [!provide]                PROVIDE (tcp_tw_pcbs, 0x40105694)
                [!provide]                PROVIDE (tcp_active_pcbs, 0x40105698)
                [!provide]                PROVIDE (tcp_bound_pcbs, 0x4010569c)
                [!provide]                PROVIDE (tcp_ticks, 0x401056a0)
                [!provide]                PROVIDE (tcp_input_pcb, 0x401056a4)
                [!provide]                PROVIDE (recv_data, 0x401056a8)
                [!provide]                PROVIDE (ackno, 0x401056ac)
                [!provide]                PROVIDE (tcphdr, 0x401056b0)
                [!provide]                PROVIDE (tcpip_tcp_timer_active, 0x401056b4)
                [!provide]                PROVIDE (timeouts_last_time, 0x401056b8)
                [!provide]                PROVIDE (next_timeout, 0x401056bc)
                [!provide]                PROVIDE (udp_pcbs, 0x401056c0)
                [!provide]                PROVIDE (dhcps_lease_time, 0x401056c4)
                [!provide]                PROVIDE (renew, 0x401056c8)
                [!provide]                PROVIDE (plist, 0x401056cc)
                [!provide]                PROVIDE (dhcps_lease_flag, 0x401056d0)
                [!provide]                PROVIDE (pcb_dhcps, 0x401056d4)
                [!provide]                PROVIDE (dns_payload, 0x401056d8)
                [!provide]                PROVIDE (dns_pcb, 0x401056dc)
                [!provide]                PROVIDE (igmp_group_list, 0x401056e0)
                [!provide]                PROVIDE (buf_scan_infos, 0x401056e4)
                [!provide]                PROVIDE (total_scan_infos, 0x40105e64)
                [!provide]                PROVIDE (flg_wifi_sleep_enable, 0x40105e68)
                [!provide]                PROVIDE (st_disconn_timer, 0x40105e6c)
                [!provide]                PROVIDE (flg_sleep, 0x40105e80)
                [!provide]                PROVIDE (st_reconn_flg, 0x40105e84)
                [!provide]                PROVIDE (st_reconn_count, 0x40105e88)
                0x40105e8c                PROVIDE (flg_open_all_service, 0x40105e8c)
                [!provide]                PROVIDE (probe_requests_count, 0x40105e90)
                [!provide]                PROVIDE (buf_probe_requests, 0x40105e94)
                [!provide]                PROVIDE (sntp, 0x40106094)
                [!provide]                PROVIDE (pcb_cdns, 0x40106098)
                [!provide]                PROVIDE (uart_drv, 0x4010609c)
                [!provide]                PROVIDE (uart_ajax_init, 0x401060cc)
                [!provide]                PROVIDE (tcp2uart_servcfg, 0x401060d0)
                [!provide]                PROVIDE (tcp2uart_conn, 0x401060d4)
                [!provide]                PROVIDE (numFiles, 0x401060d8)
                [!provide]                PROVIDE (fatCacheID, 0x401060dc)
                [!provide]                PROVIDE (WEBFSStubs, 0x401060e0)
                [!provide]                PROVIDE (isWEBFSLocked, 0x40106260)
                [!provide]                PROVIDE (disk_base_addr, 0x40106264)
                [!provide]                PROVIDE (phcfg, 0x40106268)
                [!provide]                PROVIDE (ovl_call, 0x4010626c)
                [!provide]                PROVIDE (lock_sntp_time, 0x40106270)
                [!provide]                PROVIDE (mdb_mactime, 0x40106274)
                [!provide]                PROVIDE (ret_funcs, 0x4010627c)
                [!provide]                PROVIDE (arg_funcs, 0x40106280)
                [!provide]                PROVIDE (gpio_fun_pin_num, 0x40106284)
                [!provide]                PROVIDE (mdbiosize, 0x40106288)
                [!provide]                PROVIDE (mdb_tcp_conn, 0x4010628c)
                [!provide]                PROVIDE (mdb_tcp_servcfg, 0x40106290)
                [!provide]                PROVIDE (wdrv_bufn, 0x40106294)
                [!provide]                PROVIDE (_lit4_end, 0x40106298)
                [!provide]                PROVIDE (_irom0_text_start, 0x40207000)
                [!provide]                PROVIDE (puts_buf, 0x40207004)
                [!provide]                PROVIDE (read_wifi_config, 0x4020704c)
                [!provide]                PROVIDE (uart_wait_tx_fifo_empty, 0x402070e0)
                [!provide]                PROVIDE (read_macaddr_from_otp, 0x402070fc)
                [!provide]                PROVIDE (flash_data_check, 0x40207154)
                [!provide]                PROVIDE (tst_cfg_wifi, 0x40207208)
                [!provide]                PROVIDE (startup_uart_init, 0x40207324)
                [!provide]                PROVIDE (init_wifi, 0x40207390)
                [!provide]                PROVIDE (set_pll, 0x4020743c)
                [!provide]                PROVIDE (startup, 0x40207528)
                [!provide]                PROVIDE (init_fn, 0x402077d4)
                [!provide]                PROVIDE (eagle_lwip_if_alloc, 0x40207820)
                [!provide]                PROVIDE (eagle_lwip_getif, 0x40207998)
                [!provide]                PROVIDE (task_if0, 0x402079b8)
                [!provide]                PROVIDE (task_if1, 0x402079f0)
                [!provide]                PROVIDE (eagle_lwip_if_free, 0x40207a28)
                [!provide]                PROVIDE (free_entry, 0x40207a80)
                [!provide]                PROVIDE (find_entry, 0x40207adc)
                [!provide]                PROVIDE (etharp_send_ip, 0x40207bb8)
                [!provide]                PROVIDE (update_arp_entry, 0x40207c0c)
                [!provide]                PROVIDE (etharp_tmr, 0x40207cb0)
                [!provide]                PROVIDE (etharp_find_addr, 0x40207d08)
                [!provide]                PROVIDE (etharp_request, 0x40207d5c)
                [!provide]                PROVIDE (etharp_output_to_arp_index, 0x40207e2c)
                [!provide]                PROVIDE (etharp_query, 0x40207ea4)
                [!provide]                PROVIDE (etharp_output, 0x40208054)
                [!provide]                PROVIDE (ethernet_input, 0x40208144)
                [!provide]                PROVIDE (etharp_cleanup_netif, 0x40208340)
                [!provide]                PROVIDE (ieee80211_rate_ref_init, 0x40208408)
                [!provide]                PROVIDE (ieee80211_freedom_inside_cb, 0x40208420)
[...]
                [!provide]                PROVIDE (tcp2uart_ajax_init, 0x40232da0)
                [!provide]                PROVIDE (tcp2uart_ajax_tx, 0x40232df4)
                [!provide]                PROVIDE (tcp2uart_ajax_rx, 0x40232e78)
                [!provide]                PROVIDE (WEBFSClose, 0x40232f10)
                [!provide]                PROVIDE (WEBFS_max_size, 0x40232f34)
                [!provide]                PROVIDE (WEBFS_curent_size, 0x40232f6c)
                [!provide]                PROVIDE (WEBFS_base_addr, 0x40232f98)
                [!provide]                PROVIDE (WEBFSGetArray, 0x40232fc0)
                [!provide]                PROVIDE (WEBFSInit, 0x40233060)
                [!provide]                PROVIDE (GetFATRecord, 0x402330ec)
                [!provide]                PROVIDE (WEBFSOpen, 0x40233164)
                [!provide]                PROVIDE (WEBFSGetFlags, 0x40233274)
                [!provide]                PROVIDE (WEBFSGetSize, 0x402332a8)
                [!provide]                PROVIDE (WEBFSGetBytesRem, 0x402332d8)
                [!provide]                PROVIDE (WEBFSGetStartAddr, 0x402332f4)
                [!provide]                PROVIDE (WEBFSGetEndAddr, 0x40233324)
                [!provide]                PROVIDE (WEBFSSeek, 0x40233358)
                [!provide]                PROVIDE (WEBFSGetFilename, 0x40233404)
                [!provide]                PROVIDE (WEBFSGetPosition, 0x4023345c)
                [!provide]                PROVIDE (set_cpu_clk, 0x40233480)
                [!provide]                PROVIDE (get_addr_gpiox_mux, 0x402334d4)
                [!provide]                PROVIDE (set_gpiox_mux_pull, 0x40233500)
                [!provide]                PROVIDE (set_gpiox_mux_func, 0x4023352c)
                [!provide]                PROVIDE (set_gpiox_mux_func_ioport, 0x40233564)
                [!provide]                PROVIDE (set_gpiox_mux_func_default, 0x40233590)
                [!provide]                PROVIDE (get_gpiox_mux, 0x402335bc)
                [!provide]                PROVIDE (get_gpiox_mux_func, 0x402335d4)
                [!provide]                PROVIDE (test_pin_clr_wifi_config, 0x40233608)
                [!provide]                PROVIDE (web_int_disconnect, 0x402336e4)
                [!provide]                PROVIDE (Close_web_conn, 0x40233738)
                [!provide]                PROVIDE (webserver_disconnect, 0x4023378c)
                [!provide]                PROVIDE (find_boundary, 0x402337cc)
                [!provide]                PROVIDE (web_inc_fp, 0x40233864)
                [!provide]                PROVIDE (webserver_init, 0x402338d8)
                [!provide]                PROVIDE (webserver_close, 0x4023396c)
                [!provide]                PROVIDE (webserver_reinit, 0x40233998)
                [!provide]                PROVIDE (web_inc_fopen, 0x402339dc)
                [!provide]                PROVIDE (web_inc_fclose, 0x40233a70)
                [!provide]                PROVIDE (webserver_send_fdata, 0x40233b10)
                [!provide]                PROVIDE (webserver_sent_callback, 0x40233e98)
                [!provide]                PROVIDE (web_trim_bufi, 0x40233f38)
                [!provide]                PROVIDE (web_feee_bufi, 0x40233fa0)
                [!provide]                PROVIDE (head_find_ctr, 0x40233fd4)
                [!provide]                PROVIDE (web_cdns_no_redir, 0x4023404c)
                [!provide]                PROVIDE (webserver_open_file, 0x40234124)
                [!provide]                PROVIDE (web_print_headers, 0x4023430c)
                [!provide]                PROVIDE (webserver_received_data, 0x402346f4)
                [!provide]                PROVIDE (tcpsrv_list_delete, 0x402357f8)
                [!provide]                PROVIDE (recv_trim_bufi, 0x40235898)
                [!provide]                PROVIDE (tcpsrv_server_sent, 0x402359c0)
                0x40235a10                PROVIDE (tcpsrv_print_remote_info, 0x40235a10)
                [!provide]                PROVIDE (tcpsrv_connected, 0x40235a5c)
                0x40235ae4                PROVIDE (tcpsrv_disconnect_calback_default, 0x40235ae4)
                [!provide]                PROVIDE (tcpsrv_listen_default, 0x40235b04)
                [!provide]                PROVIDE (tcpsrv_sent_callback_default, 0x40235b24)
                0x40235b44                PROVIDE (tcpsrv_received_data_default, 0x40235b44)
                [!provide]                PROVIDE (tcpsrv_server_port2pcfg, 0x40235b68)
                [!provide]                PROVIDE (tcpsrv_client_ip_port2conn, 0x40235b88)
                0x40235bb0                PROVIDE (tcpsrv_unrecved_win, 0x40235bb0)
                0x40235bf4                PROVIDE (tcpsrv_init, 0x40235bf4)
                [!provide]                PROVIDE (tcpsrv_start, 0x40235ca8)
                [!provide]                PROVIDE (tcpsrv_connected_default, 0x40235d44)
                [!provide]                PROVIDE (find_tcp_pcb, 0x40235d60)
                [!provide]                PROVIDE (tcpsrv_client_reconnect, 0x40235dd0)
                [!provide]                PROVIDE (tcpsrv_error, 0x40235ec8)
                [!provide]                PROVIDE (tcpsrv_disconnect_successful, 0x40235f3c)
                [!provide]                PROVIDE (tcpsrv_server_close, 0x40235f6c)
                0x402360a4                PROVIDE (tcpsrv_int_sent_data, 0x402360a4)
                [!provide]                PROVIDE (tcpsrv_server_recv, 0x40236198)
                [!provide]                PROVIDE (tcpsrv_poll, 0x402362a4)
                [!provide]                PROVIDE (tcpsrv_client_connect, 0x40236348)
                0x40236400                PROVIDE (tcpsrv_client_start, 0x40236400)
                [!provide]                PROVIDE (tcpsrv_disconnect, 0x4023649c)
                [!provide]                PROVIDE (tcpsrv_server_accept, 0x402364d4)
                0x40236618                PROVIDE (tcpsrv_close, 0x40236618)
                [!provide]                PROVIDE (tcpsrv_close_port, 0x40236680)
                [!provide]                PROVIDE (tcpsrv_delete_all_tm_tcp_pcb, 0x402366a4)
                [!provide]                PROVIDE (tcpsrv_delete_all_act_tcp_pcb, 0x402366dc)
                [!provide]                PROVIDE (tcpsrv_close_all, 0x40236704)
                [!provide]                PROVIDE (web_hexdump, 0x4023674c)
                [!provide]                PROVIDE (web_modbus_xml, 0x402368d8)
                [!provide]                PROVIDE (wifi_aps_xml, 0x4023699c)
                [!provide]                PROVIDE (web_wscan_xml, 0x40236b04)
                [!provide]                PROVIDE (web_ProbeRequest_xml, 0x40236c40)
                [!provide]                PROVIDE (web_get_flash, 0x40236d40)
                [!provide]                PROVIDE (web_get_ram, 0x40236db4)
                [!provide]                PROVIDE (get_new_url, 0x40236e2c)
                [!provide]                PROVIDE (web_int_callback, 0x402371a8)
                [!provide]                PROVIDE (ovl_loader, 0x40239630)
                [!provide]                PROVIDE (WebSocketAcceptKey, 0x40239750)
                [!provide]                PROVIDE (WebsocketMask, 0x402397e4)
                [!provide]                PROVIDE (WebsocketHead, 0x40239814)
                [!provide]                PROVIDE (WebsocketTxFrame, 0x4023996c)
                0x40239a70                PROVIDE (rom_atoi, 0x40239a70)
                [!provide]                PROVIDE (hextoul, 0x40239ac0)
                [!provide]                PROVIDE (ahextoul, 0x40239b10)
                [!provide]                PROVIDE (cmpcpystr, 0x40239b44)
                0x40239bdc                PROVIDE (web_strnstr, 0x40239bdc)
                [!provide]                PROVIDE (base64decode, 0x40239c4c)
                [!provide]                PROVIDE (base64encode, 0x40239d18)
                [!provide]                PROVIDE (strtomac, 0x40239de4)
                [!provide]                PROVIDE (urldecode, 0x40239e50)
                [!provide]                PROVIDE (htmlcode, 0x40239f18)
                [!provide]                PROVIDE (print_hex_dump, 0x4023a060)
                [!provide]                PROVIDE (str_array, 0x4023a0ac)
                [!provide]                PROVIDE (str_array_w, 0x4023a130)
                [!provide]                PROVIDE (str_array_b, 0x4023a1b8)
                [!provide]                PROVIDE (word_to_lower_case, 0x4023a244)
                [!provide]                PROVIDE (copy_align4, 0x4023a27c)
                [!provide]                PROVIDE (go_deep_sleep, 0x4023a34c)
                [!provide]                PROVIDE (reg_sct_bits, 0x4023a364)
                [!provide]                PROVIDE (web_int_vars, 0x4023a540)
                [!provide]                PROVIDE (websock_tx_frame, 0x4023b970)
                [!provide]                PROVIDE (websock_tx_close_err, 0x4023b9b4)
                [!provide]                PROVIDE (websock_rx_data, 0x4023ba14)
                [!provide]                PROVIDE (rd_buf_sec_blk, 0x4023bdb8)
                [!provide]                PROVIDE (wr_buf_sec_blk, 0x4023bdf0)
                [!provide]                PROVIDE (read_sys_const, 0x4023be48)
                [!provide]                PROVIDE (write_sys_const, 0x4023be68)
                [!provide]                PROVIDE (MdbGpioMux, 0x4023bed0)
                [!provide]                PROVIDE (MdbGpioPullUp, 0x4023bf1c)
                [!provide]                PROVIDE (MdbGpioOd, 0x4023bf74)
                [!provide]                PROVIDE (MdbGetSntpTimeLw, 0x4023bfd4)
                [!provide]                PROVIDE (MdbMacTime, 0x4023c004)
                [!provide]                PROVIDE (MdbUserFunc, 0x4023c03c)
                [!provide]                PROVIDE (MdbVcc, 0x4023c08c)
                [!provide]                PROVIDE (MdbAdc, 0x4023c0d0)
                [!provide]                PROVIDE (MdbGpioFunc, 0x4023c120)
                [!provide]                PROVIDE (MdbOut55AA, 0x4023c188)
                [!provide]                PROVIDE (mbd_fini, 0x4023c1c0)
                [!provide]                PROVIDE (SetMdbErr, 0x4023c23c)
                [!provide]                PROVIDE (RdMdbData, 0x4023c26c)
                [!provide]                PROVIDE (ReadMdbData, 0x4023c324)
                [!provide]                PROVIDE (WrMdbData, 0x4023c378)
                [!provide]                PROVIDE (MdbFunc, 0x4023c3fc)
                [!provide]                PROVIDE (mdb_tcp_disconnect, 0x4023c5f8)
                [!provide]                PROVIDE (mdb_tcp_listen, 0x4023c610)
                [!provide]                PROVIDE (mdb_tcp_recv, 0x4023c630)
                [!provide]                PROVIDE (mdb_tcp_close, 0x4023c790)
                [!provide]                PROVIDE (mdb_tcp_start, 0x4023c7c8)
                [!provide]                PROVIDE (sar_init, 0x4023c8c4)
                [!provide]                PROVIDE (sar_off, 0x4023c988)
                [!provide]                PROVIDE (read_adcs, 0x4023c9ec)
                [!provide]                PROVIDE (sigma_delta_setup, 0x4023ca98)
                [!provide]                PROVIDE (sigma_delta_close, 0x4023caf0)
                [!provide]                PROVIDE (set_sigma_duty_312KHz, 0x4023cb40)
                [!provide]                PROVIDE (aFATAL_ERR_R6PHY, 0x4023cb74)
                [!provide]                PROVIDE (esp_init_data_default, 0x4023cc08)
                [!provide]                PROVIDE (ieee80211_opcap, 0x4023cce0)
                [!provide]                PROVIDE (ip_addr_broadcast, 0x4023d214)
                [!provide]                PROVIDE (ip_addr_any, 0x4023d218)
                [!provide]                PROVIDE (memp_sizes, 0x4023d250)
                [!provide]                PROVIDE (chip_v6_set_sense, 0x4023d634)
                [!provide]                PROVIDE (chip_v6_unset_chanfreq, 0x4023d638)
                [!provide]                PROVIDE (bit_popcount, 0x4023d8ac)
                [!provide]                PROVIDE (tcp_pcb_lists, 0x4023d8d0)
                [!provide]                PROVIDE (tcp_persist_backoff, 0x4023d8e0)
                [!provide]                PROVIDE (tcp_backoff, 0x4023d8e8)
                [!provide]                PROVIDE (default_ssid, 0x4023d960)
                [!provide]                PROVIDE (eloop_cancel_timeout, 0x4023df0c)
                [!provide]                PROVIDE (eloop_register_timeout, 0x4023df10)
                [!provide]                PROVIDE (magic_cookie, 0x4023e004)
                [!provide]                PROVIDE (ccmp, 0x4023e01c)
                [!provide]                PROVIDE (tkip, 0x4023e034)
                [!provide]                PROVIDE (wep, 0x4023e04c)
                [!provide]                PROVIDE (lwip_standard_chksum, 0x4023e064)
                [!provide]                PROVIDE (inet_chksum, 0x4023e0cc)
                [!provide]                PROVIDE (inet_chksum_pbuf, 0x4023e0e8)
                [!provide]                PROVIDE (inet_chksum_pseudo, 0x4023e154)
                [!provide]                PROVIDE (inet_chksum_pseudo_partial, 0x4023e214)
                [!provide]                PROVIDE (sysinifname, 0x4023e41c)
                [!provide]                PROVIDE (wifi_st_password, 0x4023e68c)
                [!provide]                PROVIDE (wifi_st_name, 0x4023e698)
                [!provide]                PROVIDE (wifi_ap_password, 0x4023e6a0)
                [!provide]                PROVIDE (wifi_ap_name, 0x4023e6ac)
                [!provide]                PROVIDE (sntp_server_addresses, 0x4023e8e4)
                [!provide]                PROVIDE (httpHostNameLocal, 0x4023e954)
                [!provide]                PROVIDE (file_label, 0x4023eb48)
                [!provide]                PROVIDE (sector_filename, 0x4023eb50)
                [!provide]                PROVIDE (overlay_filename, 0x4023eb58)
                [!provide]                PROVIDE (sysconst_filename, 0x4023eb60)
                [!provide]                PROVIDE (disk_err3_filename, 0x4023eb6c)
                [!provide]                PROVIDE (disk_err2_filename, 0x4023eb7c)
                [!provide]                PROVIDE (disk_err1_filename, 0x4023eb8c)
                [!provide]                PROVIDE (disk_ok_filename, 0x4023eb9c)
                [!provide]                PROVIDE (crlf_end_boundary, 0x4023ebac)
                [!provide]                PROVIDE (HTTPAccessControlAllowOrigin, 0x4023ee5c)
                [!provide]                PROVIDE (HTTPfserror, 0x4023ee80)
                [!provide]                PROVIDE (HTTPdefault, 0x4023eec0)
                [!provide]                PROVIDE (HTTPfsupload, 0x4023ef0c)
                [!provide]                PROVIDE (HTTPResponse, 0x4023efec)
                [!provide]                PROVIDE (HTTPresponse_501_content, 0x4023f0bc)
                [!provide]                PROVIDE (HTTPresponse_500_content, 0x4023f0f0)
                [!provide]                PROVIDE (HTTPresponse_418_content, 0x4023f10c)
                [!provide]                PROVIDE (HTTPresponse_414_content, 0x4023f124)
                [!provide]                PROVIDE (HTTPresponse_413_content, 0x4023f15c)
                [!provide]                PROVIDE (HTTPresponse_411_content, 0x4023f198)
                [!provide]                PROVIDE (HTTPresponse_404_content, 0x4023f1c8)
                [!provide]                PROVIDE (HTTPresponse_401_content, 0x4023f1e0)
                [!provide]                PROVIDE (HTTPresponse_501_head, 0x4023f208)
                [!provide]                PROVIDE (HTTPresponse_500_head, 0x4023f22c)
                [!provide]                PROVIDE (HTTPresponse_429_head, 0x4023f244)
                [!provide]                PROVIDE (HTTPresponse_418_head, 0x4023f268)
                [!provide]                PROVIDE (HTTPresponse_414_head, 0x4023f278)
                [!provide]                PROVIDE (HTTPresponse_413_head, 0x4023f290)
                [!provide]                PROVIDE (HTTPresponse_411_head, 0x4023f2ac)
                [!provide]                PROVIDE (HTTPresponse_404_head, 0x4023f2bc)
                [!provide]                PROVIDE (HTTPresponse_401_head, 0x4023f2c8)
                [!provide]                PROVIDE (HTTPresponse_400_head, 0x4023f300)
                [!provide]                PROVIDE (HTTPresponse_304_head, 0x4023f30c)
                [!provide]                PROVIDE (HTTPresponse_302_head, 0x4023f31c)
                [!provide]                PROVIDE (HTTPresponse_200_head, 0x4023f324)
                [!provide]                PROVIDE (ncsi_txt_fname, 0x4023f328)
                [!provide]                PROVIDE (fsupload_fname, 0x4023f334)
                [!provide]                PROVIDE (web_cgi_fname, 0x4023f340)
                [!provide]                PROVIDE (http_default_file, 0x4023f348)
                [!provide]                PROVIDE (txt_tcpsrv_out_of_mem, 0x4023f558)
                [!provide]                PROVIDE (txt_tcpsrv_already_initialized, 0x4023f570)
                [!provide]                PROVIDE (txt_tcpsrv_NULL_pointer, 0x4023f590)
                [!provide]                PROVIDE (WebSocketAddKey, 0x4023f800)
                [!provide]                PROVIDE (WebSocketHTTPOkKey, 0x4023f828)
                [!provide]                PROVIDE (base64map, 0x4023f8b0)
                [!provide]                PROVIDE (txt_wspong, 0x4023f9d0)
                [!provide]                PROVIDE (txt_wsping, 0x4023f9d8)
                [!provide]                PROVIDE (_irom0_text_end, 0x4023fa4f)
                [!provide]                PROVIDE (uart0_, 0x60000000)
                [!provide]                PROVIDE (spi0_, 0x60000200)
                [!provide]                PROVIDE (gpio_, 0x60000300)
                [!provide]                PROVIDE (timer_, 0x60000600)
                [!provide]                PROVIDE (rtc_, 0x60000700)
                [!provide]                PROVIDE (iomux_, 0x60000800)
                [!provide]                PROVIDE (wdt_, 0x60000900)
                [!provide]                PROVIDE (sar_, 0x60000d00)
                [!provide]                PROVIDE (uart1_, 0x60000f00)
                [!provide]                PROVIDE (rtc_ram_, 0x60001000)
                [!provide]                PROVIDE (rtc_mem_, 0x60001100)
                [!provide]                PROVIDE (_memmap_cacheattr_unused_mask, 0xfffff00f)
                [!provide]                PROVIDE (_memmap_cacheattr_wb_strict, 0xfffff11f)
                [!provide]                PROVIDE (_memmap_cacheattr_wt_strict, 0xfffff11f)
                [!provide]                PROVIDE (_memmap_cacheattr_bp_strict, 0xfffff22f)
OUTPUT(.output/eagle/image/eagle.app.v6.out elf32-xtensa-le)

.comment        0x00000000       0x11
 .comment       0x00000000       0x11 main/.output/eagle/lib/libmain.a(tcp_client.o)
                                 0x12 (size before relaxing)

.xtensa.info    0x00000000       0x38
 .xtensa.info   0x00000000       0x38 main/.output/eagle/lib/libmain.a(tcp_client.o)

.xt.lit         0x00000000       0x50
 .xt.lit        0x00000000       0x50 main/.output/eagle/lib/libmain.a(tcp_client.o)
                                 0x58 (size before relaxing)

.xt.prop        0x00000000      0x420
 .xt.prop       0x00000000      0x420 main/.output/eagle/lib/libmain.a(tcp_client.o)
